GitHub presentation verification

$ python -m pytest -q
.................................s..                                     [100%]
=============================== warnings summary ===============================
tests/test_phase_c.py::test_scaler_uses_training_rows_only
tests/test_phase_c.py::test_fixed_seed_reproduces_logistic_results
tests/test_phase_c.py::test_fixed_seed_reproduces_logistic_results
  /opt/pyvenv/lib/python3.13/site-packages/sklearn/linear_model/_logistic.py:1135: FutureWarning: 'penalty' was deprecated in version 1.8 and will be removed in 1.10. To avoid this warning, leave 'penalty' set to its default value and use 'l1_ratio' or 'C' instead. Use l1_ratio=0 instead of penalty='l2', l1_ratio=1 instead of penalty='l1', and C=np.inf instead of penalty=None.
    warnings.warn(

-- Docs: https://docs.pytest.org/en/stable/how-to/capture-warnings.html
35 passed, 1 skipped, 3 warnings in 7.22s

$ python scripts/run_phase_d.py --verify
verified: True
max_absolute_metric_error: 9.3675067702747583e-17

$ python scripts/run_phase_e.py --verify
{
  "verified": true,
  "max_numerical_discrepancy": 0.0,
  "by_file": {
    "rolling_5y_test_scores.csv": 0.0,
    "rolling_5y_robustness.csv": 0.0,
    "bootstrap_block_sensitivity.csv": 0.0,
    "equal_alert_budget_diagnostic.csv": 0.0,
    "stress_by_year.csv": 0.0,
    "m1_m2_evidence_by_stage.csv": 0.0,
    "training_feature_correlation.csv": 0.0,
    "feature_drift.csv": 0.0,
    "coefficient_sign_diagnostics.csv": 0.0
  }
}
