Phase E clean run log
$ python scripts/run_phase_d.py --verify
{
  "verified": true,
  "max_absolute_metric_error": 9.367506770274758e-17,
  "metric_absolute_errors": {
    "m1": {
      "pr_auc": 2.7755575615628914e-17,
      "roc_auc": 0.0,
      "brier": 8.326672684688674e-17,
      "precision": 2.7755575615628914e-17,
      "recall": 0.0,
      "f1": 8.326672684688674e-17,
      "alert_rate": 0.0,
      "false_alerts_per_year": 0.0,
      "mean_future_trough_after_alert": 2.6020852139652106e-17,
      "median_future_trough_after_alert": 0.0,
      "alert_days": 0.0,
      "episodes_detected": 0.0,
      "stress_episode_detection_rate": 0.0,
      "median_detected_episode_lead_time": 0.0
    },
    "m2": {
      "pr_auc": 8.326672684688674e-17,
      "roc_auc": 0.0,
      "brier": 2.7755575615628914e-17,
      "precision": 6.938893903907228e-17,
      "recall": 5.551115123125783e-17,
      "f1": 1.3877787807814457e-17,
      "alert_rate": 5.551115123125783e-17,
      "false_alerts_per_year": 0.0,
      "mean_future_trough_after_alert": 3.469446951953614e-17,
      "median_future_trough_after_alert": 0.0,
      "alert_days": 0.0,
      "episodes_detected": 0.0,
      "stress_episode_detection_rate": 5.551115123125783e-17,
      "median_detected_episode_lead_time": 0.0
    },
    "m3": {
      "pr_auc": 6.938893903907228e-17,
      "roc_auc": 0.0,
      "brier": 8.326672684688674e-17,
      "precision": 5.551115123125783e-17,
      "recall": 0.0,
      "f1": 5.551115123125783e-17,
      "alert_rate": 5.551115123125783e-17,
      "false_alerts_per_year": 0.0,
      "mean_future_trough_after_alert": 9.367506770274758e-17,
      "median_future_trough_after_alert": 0.0,
      "alert_days": 0.0,
      "episodes_detected": 0.0,
      "stress_episode_detection_rate": 0.0,
      "median_detected_episode_lead_time": 0.0
    },
    "m0": {
      "pr_auc": 8.326672684688674e-17,
      "roc_auc": 5.551115123125783e-17,
      "brier": 0.0,
      "precision": 5.551115123125783e-17,
      "recall": 5.551115123125783e-17,
      "f1": 5.551115123125783e-17,
      "alert_rate": 4.85722573273506e-17,
      "false_alerts_per_year": 0.0,
      "mean_future_trough_after_alert": 8.153200337090993e-17,
      "median_future_trough_after_alert": 0.0,
      "alert_days": 0.0,
      "episodes_detected": 0.0,
      "stress_episode_detection_rate": 2.7755575615628914e-17,
      "median_detected_episode_lead_time": 0.0
    }
  }
}

$ python -m pytest -q
35 passed, 3 warnings in 7.70s

Phase D locked result: No reliable improvement
Phase E robustness analyses are secondary and do not overwrite locked Phase D outputs.
